<html>
<body>
<pre>
<h1>礦ision Build Log</h1>
<h2>Tool Versions:</h2>
IDE-Version: μVision V5.24.2.0
Copyright (C) 2017 ARM Ltd and ARM Germany GmbH. All rights reserved.
License Information: 啊 刘明炜, 西安, LIC=----
 
Tool Versions:
Toolchain:       MDK-Lite  Version: 5.24.1
Toolchain Path:  D:\Keil MDK5\ARM\ARMCC\Bin
C Compiler:      Armcc.exe V5.06 update 5 (build 528)
Assembler:       Armasm.exe V5.06 update 5 (build 528)
Linker/Locator:  ArmLink.exe V5.06 update 5 (build 528)
Library Manager: ArmAr.exe V5.06 update 5 (build 528)
Hex Converter:   FromElf.exe V5.06 update 5 (build 528)
CPU DLL:         SARMCM3.DLL V5.24.1
Dialog DLL:      DCM.DLL V1.16.0.0
Target DLL:      Segger\JL2CM3.dll V2.99.26.0
Dialog DLL:      TCM.DLL V1.32.0.0
 
<h2>Project:</h2>
D:\desktop\锁相环perfect\USER\project.uvprojx
Project File Date:  05/07/2025

<h2>Output:</h2>
*** Using Compiler 'V5.06 update 5 (build 528)', folder: 'D:\Keil MDK5\ARM\ARMCC\Bin'
Build target 'Template'
compiling MENU.c...
../SOFTWARE/MENU/MENU.c(111): warning:  #223-D: function "strlen" declared implicitly
          retval = strlen(show_string);
../SOFTWARE/MENU/MENU.c(298): warning:  #1035-D: single-precision operand implicitly converted to double-precision
          VerticalOffsetBuffer = 
TEPWISE_TO_TARGET(VerticalOffsetBuffer, 0, ANIMATION_SPEED); // ???????????????????�??????????
../SOFTWARE/MENU/MENU.c(298): warning:  #1035-D: single-precision operand implicitly converted to double-precision
          VerticalOffsetBuffer = 
TEPWISE_TO_TARGET(VerticalOffsetBuffer, 0, ANIMATION_SPEED); // ???????????????????�??????????
../SOFTWARE/MENU/MENU.c(298): warning:  #1035-D: single-precision operand implicitly converted to double-precision
          VerticalOffsetBuffer = 
TEPWISE_TO_TARGET(VerticalOffsetBuffer, 0, ANIMATION_SPEED); // ???????????????????�??????????
../SOFTWARE/MENU/MENU.c(298): warning:  #1035-D: single-precision operand implicitly converted to double-precision
          VerticalOffsetBuffer = 
TEPWISE_TO_TARGET(VerticalOffsetBuffer, 0, ANIMATION_SPEED); // ???????????????????�??????????
../SOFTWARE/MENU/MENU.c(298): warning:  #1035-D: single-precision operand implicitly converted to double-precision
          VerticalOffsetBuffer = 
TEPWISE_TO_TARGET(VerticalOffsetBuffer, 0, ANIMATION_SPEED); // ???????????????????�??????????
../SOFTWARE/MENU/MENU.c(402): warning:  #1035-D: single-precision operand implicitly converted to double-precision
          bounce_xsta = target_xsta + (target_xsta - actual_xsta) * 
VERSHOOT;
../SOFTWARE/MENU/MENU.c(403): warning:  #1035-D: single-precision operand implicitly converted to double-precision
          bounce_ysta = target_ysta + (target_ysta - actual_ysta) * 
VERSHOOT;
../SOFTWARE/MENU/MENU.c(404): warning:  #1035-D: single-precision operand implicitly converted to double-precision
          bounce_xend = target_xend + (target_xend - actual_xend) * 
VERSHOOT;
../SOFTWARE/MENU/MENU.c(405): warning:  #1035-D: single-precision operand implicitly converted to double-precision
          bounce_yend = target_yend + (target_yend - actual_yend) * 
VERSHOOT;
../SOFTWARE/MENU/MENU.c(419): warning:  #1035-D: single-precision operand implicitly converted to double-precision
              bounce_xsta = target_xsta + (target_xsta - actual_xsta) * 
VERSHOOT;
../SOFTWARE/MENU/MENU.c(426): warning:  #1035-D: single-precision operand implicitly converted to double-precision
              bounce_ysta = target_ysta + (target_ysta - actual_ysta) * 
VERSHOOT;
../SOFTWARE/MENU/MENU.c(433): warning:  #1035-D: single-precision operand implicitly converted to double-precision
              bounce_xend = target_xend + (target_xend - actual_xend) * 
VERSHOOT;
../SOFTWARE/MENU/MENU.c(440): warning:  #1035-D: single-precision operand implicitly converted to double-precision
              bounce_yend = target_yend + (target_yend - actual_yend) * 
VERSHOOT;
../SOFTWARE/MENU/MENU.c(445): warning:  #1035-D: single-precision operand implicitly converted to double-precision
      actual_xsta = 
TEPWISE_TO_TARGET(actual_xsta, bounce_xsta, ANIMATION_SPEED);
../SOFTWARE/MENU/MENU.c(445): warning:  #1035-D: single-precision operand implicitly converted to double-precision
      actual_xsta = 
TEPWISE_TO_TARGET(actual_xsta, bounce_xsta, ANIMATION_SPEED);
../SOFTWARE/MENU/MENU.c(445): warning:  #1035-D: single-precision operand implicitly converted to double-precision
      actual_xsta = 
TEPWISE_TO_TARGET(actual_xsta, bounce_xsta, ANIMATION_SPEED);
../SOFTWARE/MENU/MENU.c(445): warning:  #1035-D: single-precision operand implicitly converted to double-precision
      actual_xsta = 
TEPWISE_TO_TARGET(actual_xsta, bounce_xsta, ANIMATION_SPEED);
../SOFTWARE/MENU/MENU.c(445): warning:  #1035-D: single-precision operand implicitly converted to double-precision
      actual_xsta = 
TEPWISE_TO_TARGET(actual_xsta, bounce_xsta, ANIMATION_SPEED);
../SOFTWARE/MENU/MENU.c(446): warning:  #1035-D: single-precision operand implicitly converted to double-precision
      actual_ysta = 
TEPWISE_TO_TARGET(actual_ysta, bounce_ysta, ANIMATION_SPEED);
../SOFTWARE/MENU/MENU.c(446): warning:  #1035-D: single-precision operand implicitly converted to double-precision
      actual_ysta = 
TEPWISE_TO_TARGET(actual_ysta, bounce_ysta, ANIMATION_SPEED);
../SOFTWARE/MENU/MENU.c(446): warning:  #1035-D: single-precision operand implicitly converted to double-precision
      actual_ysta = 
TEPWISE_TO_TARGET(actual_ysta, bounce_ysta, ANIMATION_SPEED);
../SOFTWARE/MENU/MENU.c(446): warning:  #1035-D: single-precision operand implicitly converted to double-precision
      actual_ysta = 
TEPWISE_TO_TARGET(actual_ysta, bounce_ysta, ANIMATION_SPEED);
../SOFTWARE/MENU/MENU.c(446): warning:  #1035-D: single-precision operand implicitly converted to double-precision
      actual_ysta = 
TEPWISE_TO_TARGET(actual_ysta, bounce_ysta, ANIMATION_SPEED);
../SOFTWARE/MENU/MENU.c(447): warning:  #1035-D: single-precision operand implicitly converted to double-precision
      actual_xend = 
TEPWISE_TO_TARGET(actual_xend, bounce_xend, ANIMATION_SPEED);
../SOFTWARE/MENU/MENU.c(447): warning:  #1035-D: single-precision operand implicitly converted to double-precision
      actual_xend = 
TEPWISE_TO_TARGET(actual_xend, bounce_xend, ANIMATION_SPEED);
../SOFTWARE/MENU/MENU.c(447): warning:  #1035-D: single-precision operand implicitly converted to double-precision
      actual_xend = 
TEPWISE_TO_TARGET(actual_xend, bounce_xend, ANIMATION_SPEED);
../SOFTWARE/MENU/MENU.c(447): warning:  #1035-D: single-precision operand implicitly converted to double-precision
      actual_xend = 
TEPWISE_TO_TARGET(actual_xend, bounce_xend, ANIMATION_SPEED);
../SOFTWARE/MENU/MENU.c(447): warning:  #1035-D: single-precision operand implicitly converted to double-precision
      actual_xend = 
TEPWISE_TO_TARGET(actual_xend, bounce_xend, ANIMATION_SPEED);
../SOFTWARE/MENU/MENU.c(448): warning:  #1035-D: single-precision operand implicitly converted to double-precision
      actual_yend = 
TEPWISE_TO_TARGET(actual_yend, bounce_yend, ANIMATION_SPEED);
../SOFTWARE/MENU/MENU.c(448): warning:  #1035-D: single-precision operand implicitly converted to double-precision
      actual_yend = 
TEPWISE_TO_TARGET(actual_yend, bounce_yend, ANIMATION_SPEED);
../SOFTWARE/MENU/MENU.c(448): warning:  #1035-D: single-precision operand implicitly converted to double-precision
      actual_yend = 
TEPWISE_TO_TARGET(actual_yend, bounce_yend, ANIMATION_SPEED);
../SOFTWARE/MENU/MENU.c(448): warning:  #1035-D: single-precision operand implicitly converted to double-precision
      actual_yend = 
TEPWISE_TO_TARGET(actual_yend, bounce_yend, ANIMATION_SPEED);
../SOFTWARE/MENU/MENU.c(448): warning:  #1035-D: single-precision operand implicitly converted to double-precision
      actual_yend = 
TEPWISE_TO_TARGET(actual_yend, bounce_yend, ANIMATION_SPEED);
../SOFTWARE/MENU/MENU.c(459): warning:  #1035-D: single-precision operand implicitly converted to double-precision
      menu_command_callback(SHOW_CURSOR, (int)(actual_xsta + 0.5), (int)(actual_ysta + 0.5), (int)(actual_xend + 0.5),
../SOFTWARE/MENU/MENU.c(459): warning:  #1035-D: single-precision operand implicitly converted to double-precision
      menu_command_callback(SHOW_CURSOR, (int)(actual_xsta + 0.5), (int)(actual_ysta + 0.5), (int)(actual_xend + 0.5),
../SOFTWARE/MENU/MENU.c(459): warning:  #1035-D: single-precision operand implicitly converted to double-precision
      menu_command_callback(SHOW_CURSOR, (int)(actual_xsta + 0.5), (int)(actual_ysta + 0.5), (int)(actual_xend + 0.5),
../SOFTWARE/MENU/MENU.c(460): warning:  #1035-D: single-precision operand implicitly converted to double-precision
                            (int)(actual_yend + 0.5));
../SOFTWARE/MENU/MENU.c: 38 warnings, 0 errors
compiling AD7606.c...
compiling main.c...
compiling global.c...
compiling disp.c...
compiling timer_handler.c...
..\SOFTWARE\CONTROL\control.h(4): warning:  #1295-D: Deprecated declaration control - give arg types
  void control();
..\SOFTWARE\CONTROL\control.h(5): warning:  #1295-D: Deprecated declaration start_svpwm - give arg types
  void start_svpwm();
..\SOFTWARE\CONTROL\control.h(6): warning:  #1295-D: Deprecated declaration stop_svpwm - give arg types
  void stop_svpwm();
..\SOFTWARE\CONTROL\control.h(7): warning:  #1295-D: Deprecated declaration protect_svpwm - give arg types
  void protect_svpwm();
../SOFTWARE/timer_handler/timer_handler.c(99): warning:  #1035-D: single-precision operand implicitly converted to double-precision
        if (pll_is_locked && fabsf(port_theta) <= 0.01) {
../SOFTWARE/timer_handler/timer_handler.c: 5 warnings, 0 errors
compiling dma.c...
compiling adc.c...
compiling exti.c...
compiling pwm.c...
compiling timer.c...
compiling control.c...
..\SOFTWARE\CONTROL\control.h(4): warning:  #1295-D: Deprecated declaration control - give arg types
  void control();
..\SOFTWARE\CONTROL\control.h(5): warning:  #1295-D: Deprecated declaration start_svpwm - give arg types
  void start_svpwm();
..\SOFTWARE\CONTROL\control.h(6): warning:  #1295-D: Deprecated declaration stop_svpwm - give arg types
  void stop_svpwm();
..\SOFTWARE\CONTROL\control.h(7): warning:  #1295-D: Deprecated declaration protect_svpwm - give arg types
  void protect_svpwm();
..\SOFTWARE\CONTROL\control.c: 4 warnings, 0 errors
linking...
Program Size: Code=14392 RO-data=4852 RW-data=320 ZI-data=3064  
FromELF: creating hex file...
".\Listings\project.axf" - 0 Error(s), 47 Warning(s).

<h2>Software Packages used:</h2>

Package Vendor: Keil
                https://www.keil.com/pack/Keil.STM32F4xx_DFP.2.17.1.pack
                Keil.STM32F4xx_DFP.2.17.1
                STMicroelectronics STM32F4 Series Device Support, Drivers and Examples

<h2>Collection of Component include folders:</h2>
  .\RTE\_Template
  D:\Keil MDK5\Keil\STM32F4xx_DFP\2.17.1\Drivers\CMSIS\Device\ST\STM32F4xx\Include

<h2>Collection of Component Files used:</h2>
Build Time Elapsed:  00:00:03
</pre>
</body>
</html>
